// Jest Snapshot v1, https://goo.gl/fbAQLP

exports[`ChatRoomItem component renders correctly 1`] = `null`;
